2025-07-03 20:52:02,957 - ERROR - logger.py:34 -            exception() - failed to process with reason 'dict' object is not callable
Traceback (most recent call last):
  File "/home/shashankkodakandla/Desktop/supportChatBot/embedGen.py", line 29, in hello_world
    req = request.json()
TypeError: 'dict' object is not callable
2025-07-03 20:52:24,052 - ERROR - logger.py:34 -            exception() - failed to process with reason Object of type ndarray is not JSON serializable
Traceback (most recent call last):
  File "/home/shashankkodakandla/Desktop/supportChatBot/embedGen.py", line 32, in hello_world
    return build_response(HTTPStatus.OK, {"embedding": embed})
  File "/home/shashankkodakandla/Desktop/supportChatBot/embedGen.py", line 24, in build_response
    return make_response(jsonify({"flag": flag, "data": data}), statusCode)
  File "/home/shashankkodakandla/.local/lib/python3.8/site-packages/flask/json/__init__.py", line 342, in jsonify
    return current_app.json.response(*args, **kwargs)
  File "/home/shashankkodakandla/.local/lib/python3.8/site-packages/flask/json/provider.py", line 309, in response
    f"{self.dumps(obj, **dump_args)}\n", mimetype=mimetype
  File "/home/shashankkodakandla/.local/lib/python3.8/site-packages/flask/json/provider.py", line 230, in dumps
    return json.dumps(obj, **kwargs)
  File "/usr/lib/python3.8/json/__init__.py", line 234, in dumps
    return cls(
  File "/usr/lib/python3.8/json/encoder.py", line 201, in encode
    chunks = list(chunks)
  File "/usr/lib/python3.8/json/encoder.py", line 431, in _iterencode
    yield from _iterencode_dict(o, _current_indent_level)
  File "/usr/lib/python3.8/json/encoder.py", line 405, in _iterencode_dict
    yield from chunks
  File "/usr/lib/python3.8/json/encoder.py", line 405, in _iterencode_dict
    yield from chunks
  File "/usr/lib/python3.8/json/encoder.py", line 438, in _iterencode
    o = _default(o)
  File "/home/shashankkodakandla/.local/lib/python3.8/site-packages/flask/json/provider.py", line 122, in _default
    raise TypeError(f"Object of type {type(o).__name__} is not JSON serializable")
TypeError: Object of type ndarray is not JSON serializable
2025-07-03 20:53:21,280 - ERROR - logger.py:34 -            exception() - failed to process with reason Object of type ndarray is not JSON serializable
Traceback (most recent call last):
  File "/home/shashankkodakandla/Desktop/supportChatBot/embedGen.py", line 33, in hello_world
    return build_response(HTTPStatus.OK, {"embedding": embed})
  File "/home/shashankkodakandla/Desktop/supportChatBot/embedGen.py", line 24, in build_response
    return make_response(jsonify({"flag": flag, "data": data}), statusCode)
  File "/home/shashankkodakandla/.local/lib/python3.8/site-packages/flask/json/__init__.py", line 342, in jsonify
    return current_app.json.response(*args, **kwargs)
  File "/home/shashankkodakandla/.local/lib/python3.8/site-packages/flask/json/provider.py", line 309, in response
    f"{self.dumps(obj, **dump_args)}\n", mimetype=mimetype
  File "/home/shashankkodakandla/.local/lib/python3.8/site-packages/flask/json/provider.py", line 230, in dumps
    return json.dumps(obj, **kwargs)
  File "/usr/lib/python3.8/json/__init__.py", line 234, in dumps
    return cls(
  File "/usr/lib/python3.8/json/encoder.py", line 201, in encode
    chunks = list(chunks)
  File "/usr/lib/python3.8/json/encoder.py", line 431, in _iterencode
    yield from _iterencode_dict(o, _current_indent_level)
  File "/usr/lib/python3.8/json/encoder.py", line 405, in _iterencode_dict
    yield from chunks
  File "/usr/lib/python3.8/json/encoder.py", line 405, in _iterencode_dict
    yield from chunks
  File "/usr/lib/python3.8/json/encoder.py", line 438, in _iterencode
    o = _default(o)
  File "/home/shashankkodakandla/.local/lib/python3.8/site-packages/flask/json/provider.py", line 122, in _default
    raise TypeError(f"Object of type {type(o).__name__} is not JSON serializable")
TypeError: Object of type ndarray is not JSON serializable
2025-07-03 20:53:41,807 - ERROR - logger.py:34 -            exception() - failed to process with reason Object of type ndarray is not JSON serializable
Traceback (most recent call last):
  File "/home/shashankkodakandla/Desktop/supportChatBot/embedGen.py", line 33, in hello_world
    return build_response(HTTPStatus.OK, {"embedding": embed})
  File "/home/shashankkodakandla/Desktop/supportChatBot/embedGen.py", line 24, in build_response
    return make_response(jsonify({"flag": flag, "data": data}), statusCode)
  File "/home/shashankkodakandla/.local/lib/python3.8/site-packages/flask/json/__init__.py", line 342, in jsonify
    return current_app.json.response(*args, **kwargs)
  File "/home/shashankkodakandla/.local/lib/python3.8/site-packages/flask/json/provider.py", line 309, in response
    f"{self.dumps(obj, **dump_args)}\n", mimetype=mimetype
  File "/home/shashankkodakandla/.local/lib/python3.8/site-packages/flask/json/provider.py", line 230, in dumps
    return json.dumps(obj, **kwargs)
  File "/usr/lib/python3.8/json/__init__.py", line 234, in dumps
    return cls(
  File "/usr/lib/python3.8/json/encoder.py", line 201, in encode
    chunks = list(chunks)
  File "/usr/lib/python3.8/json/encoder.py", line 431, in _iterencode
    yield from _iterencode_dict(o, _current_indent_level)
  File "/usr/lib/python3.8/json/encoder.py", line 405, in _iterencode_dict
    yield from chunks
  File "/usr/lib/python3.8/json/encoder.py", line 405, in _iterencode_dict
    yield from chunks
  File "/usr/lib/python3.8/json/encoder.py", line 438, in _iterencode
    o = _default(o)
  File "/home/shashankkodakandla/.local/lib/python3.8/site-packages/flask/json/provider.py", line 122, in _default
    raise TypeError(f"Object of type {type(o).__name__} is not JSON serializable")
TypeError: Object of type ndarray is not JSON serializable
