2025-06-30 19:20:19,553 - INFO - logger.py:31 -                 info() - started processing for url https://www.angelone.in/support/your-orders
2025-06-30 19:20:19,792 - INFO - logger.py:31 -                 info() - completed processing for url https://www.angelone.in/support/your-orders and added 3 FAQs.
2025-06-30 19:20:19,792 - INFO - logger.py:31 -                 info() - started processing for url https://www.angelone.in/support/loans
2025-06-30 19:20:20,012 - INFO - logger.py:31 -                 info() - completed processing for url https://www.angelone.in/support/loans and added 9 FAQs.
2025-06-30 19:20:20,012 - INFO - logger.py:31 -                 info() - started processing for url https://www.angelone.in/support/angel-one-recommendations
2025-06-30 19:20:20,208 - INFO - logger.py:31 -                 info() - completed processing for url https://www.angelone.in/support/angel-one-recommendations and added 5 FAQs.
2025-06-30 19:20:20,208 - INFO - logger.py:31 -                 info() - started processing for url https://www.angelone.in/support/add-and-withdraw-funds
2025-06-30 19:20:21,078 - INFO - logger.py:31 -                 info() - completed processing for url https://www.angelone.in/support/add-and-withdraw-funds and added 11 FAQs.
2025-06-30 19:20:21,079 - INFO - logger.py:31 -                 info() - started processing for url https://www.angelone.in/support/portfolio-and-corporate-actions
2025-06-30 19:20:21,267 - INFO - logger.py:31 -                 info() - completed processing for url https://www.angelone.in/support/portfolio-and-corporate-actions and added 4 FAQs.
2025-06-30 19:20:21,267 - INFO - logger.py:31 -                 info() - started processing for url https://www.angelone.in/support/charts
2025-06-30 19:20:21,476 - INFO - logger.py:31 -                 info() - completed processing for url https://www.angelone.in/support/charts and added 5 FAQs.
2025-06-30 19:20:21,476 - INFO - logger.py:31 -                 info() - started processing for url https://www.angelone.in/support/complaince
2025-06-30 19:20:21,647 - INFO - logger.py:31 -                 info() - completed processing for url https://www.angelone.in/support/complaince and added 8 FAQs.
2025-06-30 19:20:21,647 - INFO - logger.py:31 -                 info() - started processing for url https://www.angelone.in/support/ipo-ofs
2025-06-30 19:20:21,825 - INFO - logger.py:31 -                 info() - completed processing for url https://www.angelone.in/support/ipo-ofs and added 29 FAQs.
2025-06-30 19:20:21,825 - INFO - logger.py:31 -                 info() - started processing for url https://www.angelone.in/support/margin-pledging-and-margin-trading-facility
2025-06-30 19:20:22,009 - INFO - logger.py:31 -                 info() - completed processing for url https://www.angelone.in/support/margin-pledging-and-margin-trading-facility and added 6 FAQs.
2025-06-30 19:20:22,009 - INFO - logger.py:31 -                 info() - started processing for url https://www.angelone.in/support/mutual-funds
2025-06-30 19:20:22,211 - INFO - logger.py:31 -                 info() - completed processing for url https://www.angelone.in/support/mutual-funds and added 14 FAQs.
2025-06-30 19:20:22,211 - INFO - logger.py:31 -                 info() - started processing for url https://www.angelone.in/support/reports-and-statements
2025-06-30 19:20:22,421 - INFO - logger.py:31 -                 info() - completed processing for url https://www.angelone.in/support/reports-and-statements and added 2 FAQs.
2025-06-30 19:20:22,421 - INFO - logger.py:31 -                 info() - started processing for url https://www.angelone.in/support/your-account
2025-06-30 19:20:22,647 - INFO - logger.py:31 -                 info() - completed processing for url https://www.angelone.in/support/your-account and added 8 FAQs.
2025-06-30 19:20:22,647 - INFO - logger.py:31 -                 info() - started processing for url https://www.angelone.in/support/charges-and-cashbacks
2025-06-30 19:20:22,834 - INFO - logger.py:31 -                 info() - completed processing for url https://www.angelone.in/support/charges-and-cashbacks and added 1 FAQs.
2025-06-30 19:20:22,834 - INFO - logger.py:31 -                 info() - started processing for url https://www.angelone.in/support/fixed-deposits
2025-06-30 19:20:23,034 - INFO - logger.py:31 -                 info() - completed processing for url https://www.angelone.in/support/fixed-deposits and added 24 FAQs.
2025-06-30 19:20:23,034 - INFO - logger.py:31 -                 info() - started processing for url https://www.angelone.in/support/your-orders/stop-loss-order
2025-06-30 19:20:23,158 - INFO - logger.py:31 -                 info() - completed processing for url https://www.angelone.in/support/your-orders/stop-loss-order and added 8 FAQs.
2025-06-30 19:20:23,158 - INFO - logger.py:31 -                 info() - started processing for url https://www.angelone.in/support/your-orders/watchlist
2025-06-30 19:20:23,279 - INFO - logger.py:31 -                 info() - completed processing for url https://www.angelone.in/support/your-orders/watchlist and added 0 FAQs.
2025-06-30 19:20:23,279 - INFO - logger.py:31 -                 info() - started processing for url https://www.angelone.in/support/your-orders/options
2025-06-30 19:20:23,398 - INFO - logger.py:31 -                 info() - completed processing for url https://www.angelone.in/support/your-orders/options and added 1 FAQs.
2025-06-30 19:20:23,398 - INFO - logger.py:31 -                 info() - started processing for url https://www.angelone.in/support/your-orders/placing-an-order
2025-06-30 19:20:23,528 - INFO - logger.py:31 -                 info() - completed processing for url https://www.angelone.in/support/your-orders/placing-an-order and added 7 FAQs.
2025-06-30 19:20:23,528 - INFO - logger.py:31 -                 info() - started processing for url https://www.angelone.in/support/your-orders/limit-order
2025-06-30 19:20:23,655 - INFO - logger.py:31 -                 info() - completed processing for url https://www.angelone.in/support/your-orders/limit-order and added 1 FAQs.
2025-06-30 19:20:23,655 - INFO - logger.py:31 -                 info() - started processing for url https://www.angelone.in/support/your-orders/order-rejection
2025-06-30 19:20:23,799 - INFO - logger.py:31 -                 info() - completed processing for url https://www.angelone.in/support/your-orders/order-rejection and added 14 FAQs.
2025-06-30 19:20:23,799 - INFO - logger.py:31 -                 info() - started processing for url https://www.angelone.in/support/your-orders/robo-order
2025-06-30 19:20:23,981 - INFO - logger.py:31 -                 info() - completed processing for url https://www.angelone.in/support/your-orders/robo-order and added 12 FAQs.
2025-06-30 19:20:23,981 - INFO - logger.py:31 -                 info() - started processing for url https://www.angelone.in/support/your-orders/margin-calculator
2025-06-30 19:20:24,098 - INFO - logger.py:31 -                 info() - completed processing for url https://www.angelone.in/support/your-orders/margin-calculator and added 1 FAQs.
2025-06-30 19:20:24,098 - INFO - logger.py:31 -                 info() - started processing for url https://www.angelone.in/support/your-orders/order-status
2025-06-30 19:20:24,247 - INFO - logger.py:31 -                 info() - completed processing for url https://www.angelone.in/support/your-orders/order-status and added 4 FAQs.
2025-06-30 19:20:24,247 - INFO - logger.py:31 -                 info() - started processing for url https://www.angelone.in/support/your-orders/basket-order
2025-06-30 19:20:24,376 - INFO - logger.py:31 -                 info() - completed processing for url https://www.angelone.in/support/your-orders/basket-order and added 13 FAQs.
2025-06-30 19:20:24,376 - INFO - logger.py:31 -                 info() - started processing for url https://www.angelone.in/support/your-orders/square-off
2025-06-30 19:20:24,550 - INFO - logger.py:31 -                 info() - completed processing for url https://www.angelone.in/support/your-orders/square-off and added 3 FAQs.
2025-06-30 19:20:24,550 - INFO - logger.py:31 -                 info() - started processing for url https://www.angelone.in/support/your-orders/types-of-orders
2025-06-30 19:20:24,709 - INFO - logger.py:31 -                 info() - completed processing for url https://www.angelone.in/support/your-orders/types-of-orders and added 18 FAQs.
2025-06-30 19:20:24,709 - INFO - logger.py:31 -                 info() - started processing for url https://www.angelone.in/support/loans/loans-enquiry
2025-06-30 19:20:24,867 - INFO - logger.py:31 -                 info() - completed processing for url https://www.angelone.in/support/loans/loans-enquiry and added 34 FAQs.
2025-06-30 19:20:24,867 - INFO - logger.py:31 -                 info() - started processing for url https://www.angelone.in/support/loans/active-loans
2025-06-30 19:20:25,020 - INFO - logger.py:31 -                 info() - completed processing for url https://www.angelone.in/support/loans/active-loans and added 0 FAQs.
2025-06-30 19:20:25,020 - INFO - logger.py:31 -                 info() - started processing for url https://www.angelone.in/support/loans/rejected-loans
2025-06-30 19:20:25,142 - INFO - logger.py:31 -                 info() - completed processing for url https://www.angelone.in/support/loans/rejected-loans and added 4 FAQs.
2025-06-30 19:20:25,142 - INFO - logger.py:31 -                 info() - started processing for url https://www.angelone.in/support/angel-one-recommendations/charges-and-frequency
2025-06-30 19:20:25,278 - INFO - logger.py:31 -                 info() - completed processing for url https://www.angelone.in/support/angel-one-recommendations/charges-and-frequency and added 0 FAQs.
2025-06-30 19:20:25,278 - INFO - logger.py:31 -                 info() - started processing for url https://www.angelone.in/support/add-and-withdraw-funds/add-funds
2025-06-30 19:20:25,406 - INFO - logger.py:31 -                 info() - completed processing for url https://www.angelone.in/support/add-and-withdraw-funds/add-funds and added 0 FAQs.
2025-06-30 19:20:25,406 - INFO - logger.py:31 -                 info() - started processing for url https://www.angelone.in/support/add-and-withdraw-funds/withdrawable-balance
2025-06-30 19:20:25,520 - INFO - logger.py:31 -                 info() - completed processing for url https://www.angelone.in/support/add-and-withdraw-funds/withdrawable-balance and added 2 FAQs.
2025-06-30 19:20:25,520 - INFO - logger.py:31 -                 info() - started processing for url https://www.angelone.in/support/add-and-withdraw-funds/quarterly-settlement-sebi-payout
2025-06-30 19:20:25,655 - INFO - logger.py:31 -                 info() - completed processing for url https://www.angelone.in/support/add-and-withdraw-funds/quarterly-settlement-sebi-payout and added 2 FAQs.
2025-06-30 19:20:25,655 - INFO - logger.py:31 -                 info() - started processing for url https://www.angelone.in/support/add-and-withdraw-funds/withdraw-funds
2025-06-30 19:20:25,802 - INFO - logger.py:31 -                 info() - completed processing for url https://www.angelone.in/support/add-and-withdraw-funds/withdraw-funds and added 10 FAQs.
2025-06-30 19:20:25,802 - INFO - logger.py:31 -                 info() - started processing for url https://www.angelone.in/support/portfolio-and-corporate-actions/holdings-portfolio
2025-06-30 19:20:25,923 - INFO - logger.py:31 -                 info() - completed processing for url https://www.angelone.in/support/portfolio-and-corporate-actions/holdings-portfolio and added 8 FAQs.
2025-06-30 19:20:25,923 - INFO - logger.py:31 -                 info() - started processing for url https://www.angelone.in/support/portfolio-and-corporate-actions/tpin
2025-06-30 19:20:26,048 - INFO - logger.py:31 -                 info() - completed processing for url https://www.angelone.in/support/portfolio-and-corporate-actions/tpin and added 3 FAQs.
2025-06-30 19:20:26,048 - INFO - logger.py:31 -                 info() - started processing for url https://www.angelone.in/support/portfolio-and-corporate-actions/dividend
2025-06-30 19:20:26,168 - INFO - logger.py:31 -                 info() - completed processing for url https://www.angelone.in/support/portfolio-and-corporate-actions/dividend and added 6 FAQs.
2025-06-30 19:20:26,168 - INFO - logger.py:31 -                 info() - started processing for url https://www.angelone.in/support/portfolio-and-corporate-actions/rights-issue
2025-06-30 19:20:26,290 - INFO - logger.py:31 -                 info() - completed processing for url https://www.angelone.in/support/portfolio-and-corporate-actions/rights-issue and added 2 FAQs.
2025-06-30 19:20:26,290 - INFO - logger.py:31 -                 info() - started processing for url https://www.angelone.in/support/portfolio-and-corporate-actions/stock-split
2025-06-30 19:20:26,442 - INFO - logger.py:31 -                 info() - completed processing for url https://www.angelone.in/support/portfolio-and-corporate-actions/stock-split and added 4 FAQs.
2025-06-30 19:20:26,442 - INFO - logger.py:31 -                 info() - started processing for url https://www.angelone.in/support/portfolio-and-corporate-actions/bonus-issue
2025-06-30 19:20:26,550 - INFO - logger.py:31 -                 info() - completed processing for url https://www.angelone.in/support/portfolio-and-corporate-actions/bonus-issue and added 0 FAQs.
2025-06-30 19:20:26,550 - INFO - logger.py:31 -                 info() - started processing for url https://www.angelone.in/support/portfolio-and-corporate-actions/buyback
2025-06-30 19:20:26,678 - INFO - logger.py:31 -                 info() - completed processing for url https://www.angelone.in/support/portfolio-and-corporate-actions/buyback and added 2 FAQs.
2025-06-30 19:20:26,678 - INFO - logger.py:31 -                 info() - started processing for url https://www.angelone.in/support/charts/trade-from-charts
2025-06-30 19:20:26,813 - INFO - logger.py:31 -                 info() - completed processing for url https://www.angelone.in/support/charts/trade-from-charts and added 3 FAQs.
2025-06-30 19:20:26,814 - INFO - logger.py:31 -                 info() - started processing for url https://www.angelone.in/support/charts/multi-charts
2025-06-30 19:20:26,934 - INFO - logger.py:31 -                 info() - completed processing for url https://www.angelone.in/support/charts/multi-charts and added 4 FAQs.
2025-06-30 19:20:26,934 - INFO - logger.py:31 -                 info() - started processing for url https://www.angelone.in/support/charts/chart-not-loading
2025-06-30 19:20:27,063 - INFO - logger.py:31 -                 info() - completed processing for url https://www.angelone.in/support/charts/chart-not-loading and added 0 FAQs.
2025-06-30 19:20:27,063 - INFO - logger.py:31 -                 info() - started processing for url https://www.angelone.in/support/charts/indicators
2025-06-30 19:20:27,201 - INFO - logger.py:31 -                 info() - completed processing for url https://www.angelone.in/support/charts/indicators and added 3 FAQs.
2025-06-30 19:20:27,201 - INFO - logger.py:31 -                 info() - started processing for url https://www.angelone.in/support/charts/others
2025-06-30 19:20:27,324 - INFO - logger.py:31 -                 info() - completed processing for url https://www.angelone.in/support/charts/others and added 5 FAQs.
2025-06-30 19:20:27,324 - INFO - logger.py:31 -                 info() - started processing for url https://www.angelone.in/support/charts/drawing-tools
2025-06-30 19:20:27,454 - INFO - logger.py:31 -                 info() - completed processing for url https://www.angelone.in/support/charts/drawing-tools and added 3 FAQs.
2025-06-30 19:20:27,455 - INFO - logger.py:31 -                 info() - started processing for url https://www.angelone.in/support/complaince/risk-management-asm-gsm
2025-06-30 19:20:27,593 - INFO - logger.py:31 -                 info() - completed processing for url https://www.angelone.in/support/complaince/risk-management-asm-gsm and added 10 FAQs.
2025-06-30 19:20:27,593 - INFO - logger.py:31 -                 info() - started processing for url https://www.angelone.in/support/complaince/trading-surveillance
2025-06-30 19:20:27,736 - INFO - logger.py:31 -                 info() - completed processing for url https://www.angelone.in/support/complaince/trading-surveillance and added 0 FAQs.
2025-06-30 19:20:27,736 - INFO - logger.py:31 -                 info() - started processing for url https://www.angelone.in/support/ipo-ofs/stock-sip
2025-06-30 19:20:27,895 - INFO - logger.py:31 -                 info() - completed processing for url https://www.angelone.in/support/ipo-ofs/stock-sip and added 7 FAQs.
2025-06-30 19:20:27,895 - INFO - logger.py:31 -                 info() - started processing for url https://www.angelone.in/support/ipo-ofs/ipo
2025-06-30 19:20:28,037 - INFO - logger.py:31 -                 info() - completed processing for url https://www.angelone.in/support/ipo-ofs/ipo and added 0 FAQs.
2025-06-30 19:20:28,037 - INFO - logger.py:31 -                 info() - started processing for url https://www.angelone.in/support/ipo-ofs/sovereign-gold-bonds-sgb
2025-06-30 19:20:28,168 - INFO - logger.py:31 -                 info() - completed processing for url https://www.angelone.in/support/ipo-ofs/sovereign-gold-bonds-sgb and added 17 FAQs.
2025-06-30 19:20:28,169 - INFO - logger.py:31 -                 info() - started processing for url https://www.angelone.in/support/ipo-ofs/ofs
2025-06-30 19:20:28,311 - INFO - logger.py:31 -                 info() - completed processing for url https://www.angelone.in/support/ipo-ofs/ofs and added 12 FAQs.
2025-06-30 19:20:28,311 - INFO - logger.py:31 -                 info() - started processing for url https://www.angelone.in/support/margin-pledging-and-margin-trading-facility/margin-trading-facility
2025-06-30 19:20:28,429 - INFO - logger.py:31 -                 info() - completed processing for url https://www.angelone.in/support/margin-pledging-and-margin-trading-facility/margin-trading-facility and added 12 FAQs.
2025-06-30 19:20:28,429 - INFO - logger.py:31 -                 info() - started processing for url https://www.angelone.in/support/margin-pledging-and-margin-trading-facility/available-margin-to-trade
2025-06-30 19:20:28,546 - INFO - logger.py:31 -                 info() - completed processing for url https://www.angelone.in/support/margin-pledging-and-margin-trading-facility/available-margin-to-trade and added 0 FAQs.
2025-06-30 19:20:28,546 - INFO - logger.py:31 -                 info() - started processing for url https://www.angelone.in/support/margin-pledging-and-margin-trading-facility/margin-pledge-unpledge
2025-06-30 19:20:28,684 - INFO - logger.py:31 -                 info() - completed processing for url https://www.angelone.in/support/margin-pledging-and-margin-trading-facility/margin-pledge-unpledge and added 8 FAQs.
2025-06-30 19:20:28,684 - INFO - logger.py:31 -                 info() - started processing for url https://www.angelone.in/support/mutual-funds/orders
2025-06-30 19:20:28,825 - INFO - logger.py:31 -                 info() - completed processing for url https://www.angelone.in/support/mutual-funds/orders and added 0 FAQs.
2025-06-30 19:20:28,825 - INFO - logger.py:31 -                 info() - started processing for url https://www.angelone.in/support/mutual-funds/sips
2025-06-30 19:20:28,962 - INFO - logger.py:31 -                 info() - completed processing for url https://www.angelone.in/support/mutual-funds/sips and added 3 FAQs.
2025-06-30 19:20:28,962 - INFO - logger.py:31 -                 info() - started processing for url https://www.angelone.in/support/mutual-funds/investments
2025-06-30 19:20:29,103 - INFO - logger.py:31 -                 info() - completed processing for url https://www.angelone.in/support/mutual-funds/investments and added 6 FAQs.
2025-06-30 19:20:29,104 - INFO - logger.py:31 -                 info() - started processing for url https://www.angelone.in/support/reports-and-statements/ledger
2025-06-30 19:20:29,228 - INFO - logger.py:31 -                 info() - completed processing for url https://www.angelone.in/support/reports-and-statements/ledger and added 5 FAQs.
2025-06-30 19:20:29,228 - INFO - logger.py:31 -                 info() - started processing for url https://www.angelone.in/support/reports-and-statements/client-master-list
2025-06-30 19:20:29,340 - INFO - logger.py:31 -                 info() - completed processing for url https://www.angelone.in/support/reports-and-statements/client-master-list and added 0 FAQs.
2025-06-30 19:20:29,340 - INFO - logger.py:31 -                 info() - started processing for url https://www.angelone.in/support/reports-and-statements/contract-note
2025-06-30 19:20:29,457 - INFO - logger.py:31 -                 info() - completed processing for url https://www.angelone.in/support/reports-and-statements/contract-note and added 2 FAQs.
2025-06-30 19:20:29,457 - INFO - logger.py:31 -                 info() - started processing for url https://www.angelone.in/support/reports-and-statements/profit-loss
2025-06-30 19:20:29,593 - INFO - logger.py:31 -                 info() - completed processing for url https://www.angelone.in/support/reports-and-statements/profit-loss and added 1 FAQs.
2025-06-30 19:20:29,593 - INFO - logger.py:31 -                 info() - started processing for url https://www.angelone.in/support/reports-and-statements/trade-history-sauda-summary
2025-06-30 19:20:29,721 - INFO - logger.py:31 -                 info() - completed processing for url https://www.angelone.in/support/reports-and-statements/trade-history-sauda-summary and added 2 FAQs.
2025-06-30 19:20:29,721 - INFO - logger.py:31 -                 info() - started processing for url https://www.angelone.in/support/reports-and-statements/holding-statement
2025-06-30 19:20:29,839 - INFO - logger.py:31 -                 info() - completed processing for url https://www.angelone.in/support/reports-and-statements/holding-statement and added 2 FAQs.
2025-06-30 19:20:29,839 - INFO - logger.py:31 -                 info() - started processing for url https://www.angelone.in/support/your-account/subscription-plans
2025-06-30 19:20:29,950 - INFO - logger.py:31 -                 info() - completed processing for url https://www.angelone.in/support/your-account/subscription-plans and added 7 FAQs.
2025-06-30 19:20:29,950 - INFO - logger.py:31 -                 info() - started processing for url https://www.angelone.in/support/your-account/family-declaration
2025-06-30 19:20:30,106 - INFO - logger.py:31 -                 info() - completed processing for url https://www.angelone.in/support/your-account/family-declaration and added 0 FAQs.
2025-06-30 19:20:30,106 - INFO - logger.py:31 -                 info() - started processing for url https://www.angelone.in/support/your-account/online-account-opening
2025-06-30 19:20:30,233 - INFO - logger.py:31 -                 info() - completed processing for url https://www.angelone.in/support/your-account/online-account-opening and added 4 FAQs.
2025-06-30 19:20:30,233 - INFO - logger.py:31 -                 info() - started processing for url https://www.angelone.in/support/your-account/mpin-biometric
2025-06-30 19:20:30,353 - INFO - logger.py:31 -                 info() - completed processing for url https://www.angelone.in/support/your-account/mpin-biometric and added 5 FAQs.
2025-06-30 19:20:30,354 - INFO - logger.py:31 -                 info() - started processing for url https://www.angelone.in/support/your-account/profile-details
2025-06-30 19:20:30,483 - INFO - logger.py:31 -                 info() - completed processing for url https://www.angelone.in/support/your-account/profile-details and added 16 FAQs.
2025-06-30 19:20:30,483 - INFO - logger.py:31 -                 info() - started processing for url https://www.angelone.in/support/your-account/segment-activation
2025-06-30 19:20:30,589 - INFO - logger.py:31 -                 info() - completed processing for url https://www.angelone.in/support/your-account/segment-activation and added 7 FAQs.
2025-06-30 19:20:30,589 - INFO - logger.py:31 -                 info() - started processing for url https://www.angelone.in/support/your-account/mtf-activation-deactivation
2025-06-30 19:20:30,699 - INFO - logger.py:31 -                 info() - completed processing for url https://www.angelone.in/support/your-account/mtf-activation-deactivation and added 1 FAQs.
2025-06-30 19:20:30,699 - INFO - logger.py:31 -                 info() - started processing for url https://www.angelone.in/support/your-account/other-services
2025-06-30 19:20:30,821 - INFO - logger.py:31 -                 info() - completed processing for url https://www.angelone.in/support/your-account/other-services and added 4 FAQs.
2025-06-30 19:20:30,821 - INFO - logger.py:31 -                 info() - started processing for url https://www.angelone.in/support/your-account/account-closure
2025-06-30 19:20:30,955 - INFO - logger.py:31 -                 info() - completed processing for url https://www.angelone.in/support/your-account/account-closure and added 7 FAQs.
2025-06-30 19:20:30,955 - INFO - logger.py:31 -                 info() - started processing for url https://www.angelone.in/support/your-account/kyc-status
2025-06-30 19:20:31,077 - INFO - logger.py:31 -                 info() - completed processing for url https://www.angelone.in/support/your-account/kyc-status and added 6 FAQs.
2025-06-30 19:20:31,077 - INFO - logger.py:31 -                 info() - started processing for url https://www.angelone.in/support/your-account/account-settings-2
2025-06-30 19:20:31,245 - INFO - logger.py:31 -                 info() - completed processing for url https://www.angelone.in/support/your-account/account-settings-2 and added 3 FAQs.
2025-06-30 19:20:31,245 - INFO - logger.py:31 -                 info() - started processing for url https://www.angelone.in/support/your-account/dormant-account
2025-06-30 19:20:31,359 - INFO - logger.py:31 -                 info() - completed processing for url https://www.angelone.in/support/your-account/dormant-account and added 2 FAQs.
2025-06-30 19:20:31,359 - INFO - logger.py:31 -                 info() - started processing for url https://www.angelone.in/support/charges-and-cashbacks/pledging-charges
2025-06-30 19:20:31,476 - INFO - logger.py:31 -                 info() - completed processing for url https://www.angelone.in/support/charges-and-cashbacks/pledging-charges and added 1 FAQs.
2025-06-30 19:20:31,476 - INFO - logger.py:31 -                 info() - started processing for url https://www.angelone.in/support/charges-and-cashbacks/stock-pledging-charges
2025-06-30 19:20:31,606 - INFO - logger.py:31 -                 info() - completed processing for url https://www.angelone.in/support/charges-and-cashbacks/stock-pledging-charges and added 1 FAQs.
2025-06-30 19:20:31,606 - INFO - logger.py:31 -                 info() - started processing for url https://www.angelone.in/support/charges-and-cashbacks/call-and-trade-charges
2025-06-30 19:20:31,756 - INFO - logger.py:31 -                 info() - completed processing for url https://www.angelone.in/support/charges-and-cashbacks/call-and-trade-charges and added 1 FAQs.
2025-06-30 19:20:31,756 - INFO - logger.py:31 -                 info() - started processing for url https://www.angelone.in/support/charges-and-cashbacks/stamp-duty
2025-06-30 19:20:31,888 - INFO - logger.py:31 -                 info() - completed processing for url https://www.angelone.in/support/charges-and-cashbacks/stamp-duty and added 1 FAQs.
2025-06-30 19:20:31,888 - INFO - logger.py:31 -                 info() - started processing for url https://www.angelone.in/support/charges-and-cashbacks/sebi-charges
2025-06-30 19:20:32,006 - INFO - logger.py:31 -                 info() - completed processing for url https://www.angelone.in/support/charges-and-cashbacks/sebi-charges and added 1 FAQs.
2025-06-30 19:20:32,006 - INFO - logger.py:31 -                 info() - started processing for url https://www.angelone.in/support/charges-and-cashbacks/auto-square-off-charges
2025-06-30 19:20:32,128 - INFO - logger.py:31 -                 info() - completed processing for url https://www.angelone.in/support/charges-and-cashbacks/auto-square-off-charges and added 1 FAQs.
2025-06-30 19:20:32,128 - INFO - logger.py:31 -                 info() - started processing for url https://www.angelone.in/support/charges-and-cashbacks/account-maintenance-charges
2025-06-30 19:20:32,237 - INFO - logger.py:31 -                 info() - completed processing for url https://www.angelone.in/support/charges-and-cashbacks/account-maintenance-charges and added 5 FAQs.
2025-06-30 19:20:32,237 - INFO - logger.py:31 -                 info() - started processing for url https://www.angelone.in/support/charges-and-cashbacks/gst-goods-services-tax
2025-06-30 19:20:32,360 - INFO - logger.py:31 -                 info() - completed processing for url https://www.angelone.in/support/charges-and-cashbacks/gst-goods-services-tax and added 2 FAQs.
2025-06-30 19:20:32,360 - INFO - logger.py:31 -                 info() - started processing for url https://www.angelone.in/support/charges-and-cashbacks/off-mkt-transaction-charges
2025-06-30 19:20:32,495 - INFO - logger.py:31 -                 info() - completed processing for url https://www.angelone.in/support/charges-and-cashbacks/off-mkt-transaction-charges and added 3 FAQs.
2025-06-30 19:20:32,495 - INFO - logger.py:31 -                 info() - started processing for url https://www.angelone.in/support/charges-and-cashbacks/brokerage-cashback
2025-06-30 19:20:32,619 - INFO - logger.py:31 -                 info() - completed processing for url https://www.angelone.in/support/charges-and-cashbacks/brokerage-cashback and added 1 FAQs.
2025-06-30 19:20:32,619 - INFO - logger.py:31 -                 info() - started processing for url https://www.angelone.in/support/charges-and-cashbacks/stt-securities-transaction-tax
2025-06-30 19:20:32,777 - INFO - logger.py:31 -                 info() - completed processing for url https://www.angelone.in/support/charges-and-cashbacks/stt-securities-transaction-tax and added 1 FAQs.
2025-06-30 19:20:32,777 - INFO - logger.py:31 -                 info() - started processing for url https://www.angelone.in/support/charges-and-cashbacks/dp-charges
2025-06-30 19:20:32,892 - INFO - logger.py:31 -                 info() - completed processing for url https://www.angelone.in/support/charges-and-cashbacks/dp-charges and added 0 FAQs.
2025-06-30 19:20:32,892 - INFO - logger.py:31 -                 info() - started processing for url https://www.angelone.in/support/charges-and-cashbacks/dp-depository-participant-charges
2025-06-30 19:20:33,026 - INFO - logger.py:31 -                 info() - completed processing for url https://www.angelone.in/support/charges-and-cashbacks/dp-depository-participant-charges and added 2 FAQs.
2025-06-30 19:20:33,026 - INFO - logger.py:31 -                 info() - started processing for url https://www.angelone.in/support/charges-and-cashbacks/brokerage-plan
2025-06-30 19:20:33,156 - INFO - logger.py:31 -                 info() - completed processing for url https://www.angelone.in/support/charges-and-cashbacks/brokerage-plan and added 2 FAQs.
2025-06-30 19:20:33,156 - INFO - logger.py:31 -                 info() - started processing for url https://www.angelone.in/support/charges-and-cashbacks/brokerage-charges
2025-06-30 19:20:33,273 - INFO - logger.py:31 -                 info() - completed processing for url https://www.angelone.in/support/charges-and-cashbacks/brokerage-charges and added 6 FAQs.
2025-06-30 19:20:33,273 - INFO - logger.py:31 -                 info() - started processing for url https://www.angelone.in/support/charges-and-cashbacks/transaction-turnover-charges
2025-06-30 19:20:33,396 - INFO - logger.py:31 -                 info() - completed processing for url https://www.angelone.in/support/charges-and-cashbacks/transaction-turnover-charges and added 1 FAQs.
2025-06-30 19:20:33,396 - INFO - logger.py:31 -                 info() - started processing for url https://www.angelone.in/support/charges-and-cashbacks/penal-delayed-payment-charges
2025-06-30 19:20:33,534 - INFO - logger.py:31 -                 info() - completed processing for url https://www.angelone.in/support/charges-and-cashbacks/penal-delayed-payment-charges and added 4 FAQs.
2025-06-30 19:20:33,534 - INFO - logger.py:31 -                 info() - started processing for url https://www.angelone.in/support/fixed-deposits/payments-and-withdrawal
2025-06-30 19:20:33,667 - INFO - logger.py:31 -                 info() - completed processing for url https://www.angelone.in/support/fixed-deposits/payments-and-withdrawal and added 15 FAQs.
2025-06-30 19:20:33,667 - INFO - logger.py:31 -                 info() - started processing for url https://www.angelone.in/support/fixed-deposits/post-purchase
2025-06-30 19:20:33,931 - INFO - logger.py:31 -                 info() - completed processing for url https://www.angelone.in/support/fixed-deposits/post-purchase and added 4 FAQs.
2025-06-30 19:20:33,931 - INFO - logger.py:31 -                 info() - started processing for url https://www.angelone.in/support/fixed-deposits/eligibility
2025-06-30 19:20:34,044 - INFO - logger.py:31 -                 info() - completed processing for url https://www.angelone.in/support/fixed-deposits/eligibility and added 4 FAQs.
2025-06-30 19:20:34,044 - INFO - logger.py:31 -                 info() - started processing for url https://www.angelone.in/support/fixed-deposits/account-verification
2025-06-30 19:20:34,164 - INFO - logger.py:31 -                 info() - completed processing for url https://www.angelone.in/support/fixed-deposits/account-verification and added 0 FAQs.
2025-06-30 19:20:34,165 - INFO - logger.py:31 -                 info() - started processing for url https://www.angelone.in/support/fixed-deposits/fixed-deposit-options
2025-06-30 19:20:34,279 - INFO - logger.py:31 -                 info() - completed processing for url https://www.angelone.in/support/fixed-deposits/fixed-deposit-options and added 13 FAQs.
2025-06-30 19:20:34,279 - INFO - logger.py:31 -                 info() - started processing for url https://www.angelone.in/support/fixed-deposits/consent-security
2025-06-30 19:20:34,394 - INFO - logger.py:31 -                 info() - completed processing for url https://www.angelone.in/support/fixed-deposits/consent-security and added 6 FAQs.
2025-06-30 19:20:34,394 - INFO - logger.py:31 -                 info() - no of questions extracted 530
